First error: InvalidStateError: image argument is not usable
Second result: [object ImageBitmap]
