Blob              [Success]: [object ImageBitmap]
ImageData         [ Error ]: Error: Not Implemented: createImageBitmap() for ImageData
HTMLImageElement  [ Error ]: InvalidStateError: image argument is not usable
SVGImageElement   [ Error ]: InvalidStateError: image argument is not usable
HTMLCanvasElement [ Error ]: Error: Not Implemented: createImageBitmap() for HTMLCanvasElement
ImageBitmap       [ Error ]: TypeError: No union types matched
HTMLVideoElement  [ Error ]: InvalidStateError: image argument is not usable
